// Jest Snapshot v1, https://goo.gl/fbAQLP

exports[`Should render ExpenseListItem with expense 1`] = `
<div>
  <Link
    replace={false}
    to="edit/1"
  >
    <h3>
      Electricity Bills
    </h3>
  </Link>
  <p>
    9
     - 
    0
  </p>
</div>
`;
